O O O O O O O O O O O O O O O B-DUR I-DUR I-DUR I-DUR
O O O O O O O O O O O O O O O O O O O O O O O
O O O O O O O O O O O O O O O O O O B-DATE I-DATE O
O O O O O O O O O O O O O O O B-DUR I-DUR I-DUR
O O O O O B-PNO I-PNO O
O O O O O O O O O O O B-LOC I-LOC I-LOC O O O
B-APM I-APM
O O O O O O B-PER O B-PER I-PER I-PER O B-PER I-PER I-PER
O O O O O O O O O O O O O O O O O O O O
O B-DATE I-DATE I-DATE O B-TIME I-TIME I-TIME B-APM O O B-PNO I-PNO O
O O B-PNO
B-PNO
O O
O O O O O O O O O O O O O O O O O O B-DATE I-DATE
O O O O O O O O O O O O O O O O O O B-DATE I-DATE I-DATE
O O O O O O O O O O O O O O O O O O B-TIME I-TIME I-TIME
B-PNO I-PNO I-PNO
O O O O O B-PNO I-PNO I-PNO O
O O O O O O O O O O O O O O O O B-PNO I-PNO I-PNO I-PNO
O O O O O O O O O O O B-PNO
O O O
O O O O O O O O O O O O O O O O O O O O O O O O O O O O O O O O
O O O O O O O O O O O O O O O O O B-PNO I-PNO
B-APM I-APM
O O O O O O O O O O O O O O O O O O O
B-PER I-PER I-PER O B-PER I-PER O B-PER O O O B-PER I-PER
O O O O O O O O O O O B-TIME I-TIME I-TIME B-APM
O O O
O O O O O O O O O O O B-PER I-PER O B-PER I-PER O B-PER O B-PER
O O O O O O O O O O O O O O B-TIME O
O O O O O O O O O O O O O O O O O O B-DATE I-DATE I-DATE
O O
O O
O O O O O O O O O O O O O O O O B-TIME I-TIME I-TIME
O O O O O O O O O O O O O O O O O O
O O O O O O O O O O O O O O B-APM O B-TIME I-TIME
O O O O
O O O O O O O O O O O O O O B-DATE I-DATE B-APM I-APM O O B-LOC I-LOC I-LOC O O O B-PNO I-PNO
O O O O O O O O O O O O O O O O O O O B-DATE I-DATE
B-DATE I-DATE B-APM I-APM B-TIME I-TIME O B-LOC I-LOC I-LOC I-LOC O O O
B-APM I-APM
O O O O O O O O O O O O O O O O O B-PNO I-PNO I-PNO O
O O O O O O O O O O O O O O O O O O O O O O
O O O O O O O O O O O O O O B-TIME I-TIME O O O
O O O O O O O O
O O O O O O O O O O O O O O O O O O B-DATE I-DATE I-DATE
O O O O O O O O O O O O O O B-APM I-APM B-TIME I-TIME I-TIME
B-PER I-PER I-PER O B-PER I-PER I-PER O B-PER I-PER O O O O O O O
B-APM I-APM
O O O O O O O O O O O O O O O O O O B-DATE I-DATE I-DATE I-DATE
O O O O O O O O O O O O O O O O O O O O O
O O O O O O O O O O O O O O O O O O B-DUR I-DUR I-DUR
O O O O O O O O O O O O O O O O O O B-DATE I-DATE
O O O O O O B-DATE I-DATE I-DATE I-DATE I-DATE
O O B-LOC I-LOC O O O O
O O O O O O O O O O O B-LOC I-LOC I-LOC O O O
O O O O O O O O O O O O O O O O B-DUR I-DUR I-DUR
O O O O O O O O O O O O O O B-TIME I-TIME
O O B-APM I-APM
O O O O O O O O O O O O O O O O O O B-DATE I-DATE I-DATE I-DATE
O O O O O O O O O O O O O O O O O O O
O O O O O O O O O O O O O O O B-DATE I-DATE I-DATE
O O O O O O O O O O
B-APM I-APM B-TIME I-TIME
O O O O O O O O O O O O O O O O O O B-TIME I-TIME I-TIME I-TIME
O O O O O O O O O O O O O O O O B-DUR I-DUR I-DUR
O
O O O
O O O O O O O O O O O O O O B-TIME I-TIME
O O O O O O O O O O O B-PNO I-PNO I-PNO
O O O O O O O O O O O B-PNO
O O O O O O O O O O O O B-PNO I-PNO
B-APM I-APM B-TIME I-TIME I-TIME
O O O O O O O O O O O O O O B-TIME
O O O O O O O O O O O B-PNO
O O O O O O O O O O O O O O O O O O O O O
O O O O O O O O O O O B-PNO I-PNO
O O O O O O O O O O O B-PNO I-PNO
O O O O O O O O O O O O O O O O O O O
O O O O O O O O O O O O O O O O O O O
O O O O O O O O O O O O O O O O O O O O
B-APM I-APM B-TIME I-TIME I-TIME
O O O O O O B-LOC I-LOC I-LOC I-LOC O O O
O O O O O O O O O O O O O O O O O O O O O O O O O O O O O O O O
O O
O O O O O O O O O O O B-PER I-PER O B-PER
O O O O O O O O O O O O O O B-TIME I-TIME
O O O O O O O O O O O O O O B-TIME I-TIME O
O O O O O O O O O O O O O O O O O O O O O O
B-DATE I-DATE I-DATE I-DATE I-DATE O B-APM I-APM B-TIME I-TIME O O
O O O O O O O O O O O O O O O O O O O
O O O O O O O O O O O O O O O O O O B-DATE I-DATE I-DATE I-DATE
O O O O O O O O O O O B-PNO
B-DATE I-DATE I-DATE O O O
O O O O O O O O O O O O O O O
O O O O O O O O O O O O O O O O
B-APM
O O O B-LOC I-LOC I-LOC I-LOC O O O O O O O
B-DATE I-DATE I-DATE
O O O O O O O O O O O O O O O O O O O O O O O O O O O O O O O O
O O O O B-DATE I-DATE B-APM I-APM B-TIME I-TIME O B-TIME I-TIME O B-LOC I-LOC I-LOC O O O
O
B-DATE I-DATE I-DATE
O O O O O O O O O O O B-PNO I-PNO I-PNO
O
O O O O O O O O O O O B-PNO I-PNO
O O O O O O O O O O O O O O B-TIME I-TIME I-TIME I-TIME B-APM
O O O O O O O O O O O O O O O O O O O
O O O O O O O O O O O O O O O B-DUR I-DUR I-DUR
O O O O O O O O O O O O O O O O O O B-DUR I-DUR I-DUR
O
O O O O O O O O O O O O O O O O O O B-DATE I-DATE I-DATE I-DATE
O O O O O O O O O O O O O O O O O O O O
O
O O O O O O O O O O O B-PNO
O O O O O O O O O O O O O O O O O O B-PER I-PER O O O O
B-DUR I-DUR I-DUR
B-TIME I-TIME I-TIME
O O
O O O
O O O O O O O O O O O O O O O O O O O O O O O O O
B-TIME I-TIME
O O O O O O O O O O O O O O O O O O O O O O
O O O O O O O O O O O O O O O B-APM I-APM B-TIME I-TIME
O O O O O O O O O O O O O O O O O O B-PER I-PER O B-PER I-PER O B-PER I-PER O B-PER I-PER O B-PER I-PER
O O O O O O O O O O O O O O B-LOC I-LOC I-LOC O O O
O O O O O O O O O O O B-PNO I-PNO
O O O O O O O O O O O O O O O O O O O O O O O O O O O O O O O O
O O O O O O O O O O O O O O O O
O O O O O O O O O O O O O O O O O O B-DATE I-DATE
O O O O O O O O O O O O O O O B-PNO I-PNO
O O
O O O
